INFO [12-21|21:52:20] Maximum peer count                       ETH=25 LES=0 total=25
INFO [12-21|21:52:20] Starting peer-to-peer node               instance=Geth/v1.8.3-stable-329ac18e/windows-amd64/go1.10
INFO [12-21|21:52:20] Allocated cache and file handles         database=F:\\mProgram\\Eth_purse\\test\\geth\\chaindata cache=768 handles=1024
INFO [12-21|21:52:20] Writing default main-net genesis block 
INFO [12-21|21:52:20] Persisted trie from memory database      nodes=12356 size=2.34mB time=26.6165ms gcnodes=0 gcsize=0.00B gctime=0s livenodes=1 livesize=0.00B
INFO [12-21|21:52:20] Initialised chain configuration          config="{ChainID: 1 Homestead: 1150000 DAO: 1920000 DAOSupport: true EIP150: 2463000 EIP155: 2675000 EIP158: 2675000 Byzantium: 4370000 Constantinople: <nil> Engine: ethash}"
INFO [12-21|21:52:20] Disk storage enabled for ethash caches   dir=F:\\mProgram\\Eth_purse\\test\\geth\\ethash count=3
INFO [12-21|21:52:20] Disk storage enabled for ethash DAGs     dir=C:\\Users\\Administrator\\AppData\\Ethash   count=2
INFO [12-21|21:52:20] Initialising Ethereum protocol           versions="[63 62]" network=1
INFO [12-21|21:52:20] Loaded most recent local header          number=0 hash=d4e567…cb8fa3 td=17179869184
INFO [12-21|21:52:20] Loaded most recent local full block      number=0 hash=d4e567…cb8fa3 td=17179869184
INFO [12-21|21:52:20] Loaded most recent local fast block      number=0 hash=d4e567…cb8fa3 td=17179869184
INFO [12-21|21:52:20] Regenerated local transaction journal    transactions=0 accounts=0
INFO [12-21|21:52:20] Starting P2P networking 
INFO [12-21|21:52:22] UDP listener up                          self=enode://157b2fd092c3fa14409a356c6af27bcfa4e4eae9e5bd3fbefb78734ca2fd0c404221964cb346adb3a27501694a2ae1536aa624f327073434d0b8319b2803fe1c@[::]:30303
INFO [12-21|21:52:22] RLPx listener up                         self=enode://157b2fd092c3fa14409a356c6af27bcfa4e4eae9e5bd3fbefb78734ca2fd0c404221964cb346adb3a27501694a2ae1536aa624f327073434d0b8319b2803fe1c@[::]:30303
INFO [12-21|21:52:22] IPC endpoint opened                      url=\\\\.\\pipe\\geth.ipc
INFO [12-21|21:52:22] HTTP endpoint opened                     url=http://0.0.0.0:8545   cors= vhosts=localhost
